
> contestacao-saas@0.1.0 build
> prisma generate && next build

node.exe : Loaded Prisma config from prisma.config.ts.
No linha:1 caractere:1
+ & "C:\Program Files\nodejs/node.exe" "C:\Program Files\nodejs/node_mo ...
+ ~~~~~~~~~~~~~~~~~~~~~~~~~~~~~~~~~~~~~~~~~~~~~~~~~~~~~~~~~~~~~~~~~~~~~
    + CategoryInfo          : NotSpecified: (Loaded Prisma c...isma.config.ts.:String) [], Remote 
   Exception
    + FullyQualifiedErrorId : NativeCommandError
 

Prisma schema loaded from prisma\schema.prisma.

Ô£ö Generated Prisma Client (7.4.1) to .\src\generated\prisma in 86ms

 ÔÜá Warning: Next.js inferred your workspace root, but it may not be correct.
 We detected multiple lockfiles and selected the directory of C:\Users\felip\package-lock.json as 
the root directory.
 To silence this warning, set `outputFileTracingRoot` in your Next.js config, or consider 
removing one of the lockfiles if it's not needed.
   See https://nextjs.org/docs/app/api-reference/config/next-config-js/output#caveats for more 
information.
 Detected additional lockfiles: 
   * C:\Users\felip\OneDrive\├ürea de Trabalho\TESTE AGENTE OPENCLAW\package-lock.json

   Ôû▓ Next.js 15.5.12
   - Environments: .env.local

   Creating an optimized production build ...
 Ô£ô Compiled successfully in 3.8s
   Linting and checking validity of types ...
   Collecting page data ...
TypeError: Cannot open database because the directory does not exist
    at p (C:\Users\felip\OneDrive\├ürea de Trabalho\TESTE AGENTE 
OPENCLAW\.next\server\chunks\946.js:1:20038)
    at 51926 (C:\Users\felip\OneDrive\├ürea de Trabalho\TESTE AGENTE 
OPENCLAW\.next\server\chunks\946.js:1:20155)
    at c (C:\Users\felip\OneDrive\├ürea de Trabalho\TESTE AGENTE 
OPENCLAW\.next\server\webpack-runtime.js:1:127)
    at 36654 (C:\Users\felip\OneDrive\├ürea de Trabalho\TESTE AGENTE 
OPENCLAW\.next\server\app\api\defesas\aprovar\route.js:1:6278)
    at c (C:\Users\felip\OneDrive\├ürea de Trabalho\TESTE AGENTE 
OPENCLAW\.next\server\webpack-runtime.js:1:127)
    at 14695 (C:\Users\felip\OneDrive\├ürea de Trabalho\TESTE AGENTE 
OPENCLAW\.next\server\app\api\defesas\aprovar\route.js:1:679)
    at c (C:\Users\felip\OneDrive\├ürea de Trabalho\TESTE AGENTE 
OPENCLAW\.next\server\webpack-runtime.js:1:127)
    at <unknown> (C:\Users\felip\OneDrive\├ürea de Trabalho\TESTE AGENTE 
OPENCLAW\.next\server\app\api\defesas\aprovar\route.js:2:8263)
    at c.X (C:\Users\felip\OneDrive\├ürea de Trabalho\TESTE AGENTE 
OPENCLAW\.next\server\webpack-runtime.js:1:2110)

> Build error occurred
[Error: Failed to collect page data for /api/defesas/aprovar] {
  type: 'Error'
}
